  フォント: Hiragino Sans

🌐 PocketSmith APIから取引を取得...
  API取得期間: 2026-05-11〜2026-05-17
  API取引件数: 10
📅 期間フィルタ (week)...
📈 グラフ生成: 05/11〜05/17 / May 11 - May 17, 2026
  グラフ保存 (ja): images/chart_2026-W19_ja.png
  グラフ保存 (en): images/chart_2026-W19_en.png

✅ 完成！ → images/ を確認してください
   日本語グラフ : images/chart_2026-W19_ja.png
   英語グラフ   : images/chart_2026-W19_en.png
  フォント: Hiragino Sans

🌐 PocketSmith APIから取引を取得...
  フォント: Hiragino Sans

🌐 PocketSmith APIから取引を取得...
  API取得期間: 2026-05-25〜2026-05-31
  API取引件数: 14
📅 期間フィルタ (week)...
📈 グラフ生成: 05/25〜05/31 / May 25 - May 31, 2026
  グラフ保存 (ja): images/chart_2026-W21_ja.png
  グラフ保存 (en): images/chart_2026-W21_en.png

✅ 完成！ → images/ を確認してください
   日本語グラフ : images/chart_2026-W21_ja.png
   英語グラフ   : images/chart_2026-W21_en.png
  フォント: Hiragino Sans

🌐 PocketSmith APIから取引を取得...
  API取得期間: 2026-06-01〜2026-06-07
  API取引件数: 5
📅 期間フィルタ (week)...
📈 グラフ生成: 06/01〜06/07 / Jun 01 - Jun 07, 2026
  グラフ保存 (ja): images/chart_2026-W22_ja.png
  グラフ保存 (en): images/chart_2026-W22_en.png

✅ 完成！ → images/ を確認してください
   日本語グラフ : images/chart_2026-W22_ja.png
   英語グラフ   : images/chart_2026-W22_en.png
  フォント: Hiragino Sans

🌐 PocketSmith APIから取引を取得...
  API取得期間: 2026-06-08〜2026-06-14
  API取引件数: 0
📅 期間フィルタ (week)...
⚠️  指定期間のデータがありません
  フォント: Hiragino Sans

🌐 PocketSmith APIから取引を取得...
  API取得期間: 2026-06-15〜2026-06-21
  API取引件数: 0
📅 期間フィルタ (week)...
⚠️  指定期間のデータがありません
  フォント: Hiragino Sans

🌐 PocketSmith APIから取引を取得...
  API取得期間: 2026-06-22〜2026-06-28
  API取引件数: 0
📅 期間フィルタ (week)...
⚠️  指定期間のデータがありません
  フォント: Hiragino Sans

🌐 PocketSmith APIから取引を取得...
  API取得期間: 2026-06-29〜2026-07-05
  API取引件数: 0
📅 期間フィルタ (week)...
⚠️  指定期間のデータがありません
  フォント: Hiragino Sans

🌐 PocketSmith APIから取引を取得...
  API取得期間: 2026-07-06〜2026-07-12
  API取引件数: 0
📅 期間フィルタ (week)...
⚠️  指定期間のデータがありません
  フォント: Hiragino Sans

🌐 PocketSmith APIから取引を取得...
  API取得期間: 2026-07-13〜2026-07-19
  API取引件数: 0
📅 期間フィルタ (week)...
⚠️  指定期間のデータがありません
  フォント: Hiragino Sans

🌐 PocketSmith APIから取引を取得...
  API取得期間: 2026-07-20〜2026-07-26
  API取引件数: 0
📅 期間フィルタ (week)...
⚠️  指定期間のデータがありません
  フォント: Hiragino Sans

🌐 PocketSmith APIから取引を取得...
  API取得期間: 2026-07-27〜2026-08-02
  API取引件数: 14
📅 期間フィルタ (week)...
📈 グラフ生成: 07/27〜08/02 / Jul 27 - Aug 02, 2026
  グラフ保存 (ja): images/chart_2026-W30_ja.png
  グラフ保存 (en): images/chart_2026-W30_en.png

✅ 完成！ → images/ を確認してください
   日本語グラフ : images/chart_2026-W30_ja.png
   英語グラフ   : images/chart_2026-W30_en.png
  フォント: Hiragino Sans

🌐 PocketSmith APIから取引を取得...
  API取得期間: 2026-08-03〜2026-08-09
  API取引件数: 15
📅 期間フィルタ (week)...
📈 グラフ生成: 08/03〜08/09 / Aug 03 - Aug 09, 2026
  グラフ保存 (ja): images/chart_2026-W31_ja.png
  グラフ保存 (en): images/chart_2026-W31_en.png

✅ 完成！ → images/ を確認してください
   日本語グラフ : images/chart_2026-W31_ja.png
   英語グラフ   : images/chart_2026-W31_en.png
  フォント: Hiragino Sans

🌐 PocketSmith APIから取引を取得...
  API接続に失敗しました。10秒後に再試行します (1/3): timed out
  API接続に失敗しました。10秒後に再試行します (2/3): [Errno 8] nodename nor servname provided, or not known
  フォント: Hiragino Sans

🌐 PocketSmith APIから取引を取得...
  API取得期間: 2026-08-17〜2026-08-23
  API取引件数: 15
📅 期間フィルタ (week)...
📈 グラフ生成: 08/17〜08/23 / Aug 17 - Aug 23, 2026
  グラフ保存 (ja): images/chart_2026-W33_ja.png
  グラフ保存 (en): images/chart_2026-W33_en.png

✅ 完成！ → images/ を確認してください
   日本語グラフ : images/chart_2026-W33_ja.png
   英語グラフ   : images/chart_2026-W33_en.png
  フォント: Hiragino Sans

🌐 PocketSmith APIから取引を取得...
  API取得期間: 2026-08-24〜2026-08-30
  API取引件数: 3
📅 期間フィルタ (week)...
📈 グラフ生成: 08/24〜08/30 / Aug 24 - Aug 30, 2026
  グラフ保存 (ja): images/chart_2026-W34_ja.png
  グラフ保存 (en): images/chart_2026-W34_en.png

✅ 完成！ → images/ を確認してください
   日本語グラフ : images/chart_2026-W34_ja.png
   英語グラフ   : images/chart_2026-W34_en.png
  フォント: Hiragino Sans

🌐 PocketSmith APIから取引を取得...
  API取得期間: 2026-08-31〜2026-09-06
  API取引件数: 26
📅 期間フィルタ (week)...
📈 グラフ生成: 08/31〜09/06 / Aug 31 - Sep 06, 2026
  グラフ保存 (ja): images/chart_2026-W35_ja.png
  グラフ保存 (en): images/chart_2026-W35_en.png

✅ 完成！ → images/ を確認してください
   日本語グラフ : images/chart_2026-W35_ja.png
   英語グラフ   : images/chart_2026-W35_en.png
  フォント: Hiragino Sans

🌐 PocketSmith APIから取引を取得...
  API取得期間: 2026-09-07〜2026-09-13
  API取引件数: 13
📅 期間フィルタ (week)...
📈 グラフ生成: 09/07〜09/13 / Sep 07 - Sep 13, 2026
  グラフ保存 (ja): images/chart_2026-W36_ja.png
  グラフ保存 (en): images/chart_2026-W36_en.png

✅ 完成！ → images/ を確認してください
   日本語グラフ : images/chart_2026-W36_ja.png
   英語グラフ   : images/chart_2026-W36_en.png
  フォント: Hiragino Sans

🌐 PocketSmith APIから取引を取得...
  API取得期間: 2026-09-14〜2026-09-20
  API取引件数: 10
📅 期間フィルタ (week)...
📈 グラフ生成: 09/14〜09/20 / Sep 14 - Sep 20, 2026
  グラフ保存 (ja): images/chart_2026-W37_ja.png
  グラフ保存 (en): images/chart_2026-W37_en.png

✅ 完成！ → images/ を確認してください
   日本語グラフ : images/chart_2026-W37_ja.png
   英語グラフ   : images/chart_2026-W37_en.png
  フォント: Hiragino Sans

🌐 PocketSmith APIから取引を取得...
  API取得期間: 2026-09-21〜2026-09-27
  API取引件数: 25
📅 期間フィルタ (week)...
📈 グラフ生成: 09/21〜09/27 / Sep 21 - Sep 27, 2026
  グラフ保存 (ja): images/chart_2026-W38_ja.png
  グラフ保存 (en): images/chart_2026-W38_en.png

✅ 完成！ → images/ を確認してください
   日本語グラフ : images/chart_2026-W38_ja.png
   英語グラフ   : images/chart_2026-W38_en.png
  フォント: Hiragino Sans

🌐 PocketSmith APIから取引を取得...
  API取得期間: 2026-09-28〜2026-10-04
  API取引件数: 13
📅 期間フィルタ (week)...
📈 グラフ生成: 09/28〜10/04 / Sep 28 - Oct 04, 2026
  グラフ保存 (ja): images/chart_2026-W39_ja.png
  グラフ保存 (en): images/chart_2026-W39_en.png

✅ 完成！ → images/ を確認してください
   日本語グラフ : images/chart_2026-W39_ja.png
   英語グラフ   : images/chart_2026-W39_en.png
